Microchip MPLAB XC8 Compiler V2.36

Linker command line:

-W-3 --edf=/opt/microchip/xc8/v2.36/pic/dat/en_msgs.txt -cn \
  -h+dist/default/production/lcd_1602.X.production.sym \
  --cmf=dist/default/production/lcd_1602.X.production.cmf -z -Q18F45K22 \
  -o/tmp/xcXgcfkLF --defsym=__MPLAB_BUILD=1 \
  -Mdist/default/production/lcd_1602.X.production.map \
  --md=/tmp/xcXhNgjbp.dat -E1 -ver=XC8 Compiler --acfsm=1493 \
  -ACODE=00h-07FFFh -ACONST=00h-07FFFh -ASMALLCONST=0600h-06FFhx122 \
  -AMEDIUMCONST=0600h-07FFFh -ACOMRAM=01h-05Fh -AABS1=00h-05FFh \
  -ABIGRAM=01h-05FFh -ARAM=060h-0FFh,0100h-01FFhx5 -ABANK0=060h-0FFh \
  -ABANK1=0100h-01FFh -ABANK2=0200h-02FFh -ABANK3=0300h-03FFh \
  -ABANK4=0400h-04FFh -ABANK5=0500h-05FFh -ASFR=0F38h-0F5Fh,0F60h-0FFFh \
  -ABIGSFR=0F38h-0FFFh -ACONFIG=0300000h-030000Dh -AIDLOC=0200000h-0200007h \
  -AEEDATA=0F00000h-0F000FFh -peeprom_data=EEDATA \
  -preset_vec=00h,intcode,intcodelo,powerup,init -pramtop=0600h \
  -psmallconst=SMALLCONST -pmediumconst=MEDIUMCONST -pconst=CONST \
  -AFARRAM=00h-00h \
  -prdata=COMRAM,nvrram=COMRAM,nvbit=COMRAM,rbss=COMRAM,rbit=COMRAM \
  -pfarbss=FARRAM,fardata=FARRAM,nvFARRAM=FARRAM \
  -pintsave_regs=BIGRAM,bigbss=BIGRAM,bigdata=BIGRAM -pbss=RAM \
  -pidata=CODE,irdata=CODE,ibigdata=CODE,ifardata=CODE -prparam=COMRAM \
  /tmp/xcXHaODhK.o dist/default/production/lcd_1602.X.production.o 

Object code version is 3.11

Machine type is 18F45K22



                Name                               Link     Load   Length Selector   Space Scale
/tmp/xcXHaODhK.o
                idloc                            200000   200000        8        0       5
                config                           300000   300000        E        0       4
                init                                  0        0        4        0       0
dist/default/production/lcd_1602.X.production.o
                idloc                            200000   200000        8        0       5
                config                           300000   300000        E        0       4
                smallconst                          600      600       20      300       0
                text9                               9AA      9AA        8      310       0
                text8                               966      966       1E      310       0
                text7                               620      620      13C      310       0
                text6                               992      992        E      310       0
                text5                               8CC      8CC       60      310       0
                text4                               984      984        E      310       0
                text3                               75C      75C       86      310       0
                text2                               92C      92C       3A      310       0
                text1                               864      864       68      310       0
                text0                               7E2      7E2       82      310       0
                cstackCOMRAM                          1        1        D        1       1
                cinit                               9A0      9A0        A      310       0

TOTAL           Name                               Link     Load   Length     Space
        CLASS   CODE           
                init                                  0        0        4         0
                text9                               9AA      9AA        8         0
                text8                               966      966       1E         0
                text7                               620      620      13C         0
                text6                               992      992        E         0
                text5                               8CC      8CC       60         0
                text4                               984      984        E         0
                text3                               75C      75C       86         0
                text2                               92C      92C       3A         0
                text1                               864      864       68         0
                text0                               7E2      7E2       82         0
                cinit                               9A0      9A0        A         0

        CLASS   CONST          

        CLASS   SMALLCONST     
                smallconst                          600      600       20         0

        CLASS   MEDIUMCONST    

        CLASS   COMRAM         
                cstackCOMRAM                          1        1        D         1

        CLASS   ABS1           

        CLASS   BIGRAM         

        CLASS   RAM            

        CLASS   BANK0          

        CLASS   BANK1          

        CLASS   BANK2          

        CLASS   BANK3          

        CLASS   BANK4          

        CLASS   BANK5          

        CLASS   SFR            

        CLASS   BIGSFR         

        CLASS   CONFIG         
                config                           300000   300000        E         4

        CLASS   IDLOC          
                idloc                            200000   200000        8         5

        CLASS   EEDATA         

        CLASS   FARRAM         

        CLASS   HEAP           

        CLASS   STACK          



SEGMENTS        Name                           Load    Length   Top    Selector   Space  Class

                reset_vec                      000000  000004  000004         0       0  CODE    
                cstackCOMRAM                   000001  00000D  00000E         1       1  COMRAM  
                text7                          000620  000392  0009B2       310       0  CODE    
                smallconst                     000600  000020  000620       300       0  SMALLCON


UNUSED ADDRESS RANGES

        Name                Unused          Largest block    Delta
        BANK0            000060-0000FF               A0
        BANK1            000100-0001FF              100
        BANK2            000200-0002FF              100
        BANK3            000300-0003FF              100
        BANK4            000400-0004FF              100
        BANK5            000500-0005FF              100
        BIGRAM           00000E-0005FF              5F2
        BIGSFR           000F38-000FFF               C8
        CODE             000004-0005FF              5FC
                         0009B2-007FFF             764E
        COMRAM           00000E-00005F               52
        CONST            000004-0005FF              5FC
                         0009B2-007FFF             764E
        EEDATA           F00000-F000FF              100
        MEDIUMCONST      0009B2-007FFF             764E
        RAM              000060-0005FF              100
        SFR              000F38-000FFF               28
        SMALLCONST       0009B2-007FFF              100

                                  Symbol Table

DisplayLCD_Chr@Coluna      cstackCOMRAM 000005
DisplayLCD_Chr@Linha       cstackCOMRAM 000009
DisplayLCD_Chr@Tchar       cstackCOMRAM 000006
DisplayLCD_Chr_Cp@Tchar    cstackCOMRAM 000004
DisplayLCD_Cmd@CmdLCD      cstackCOMRAM 000004
DisplayLCD_Out@Coluna      cstackCOMRAM 000006
DisplayLCD_Out@Linha       cstackCOMRAM 00000B
DisplayLCD_Out@TextoLCD    cstackCOMRAM 000007
DisplayLCD_Out_Cp@Ponteiro cstackCOMRAM 000004
LCD_Write_Data@Data        cstackCOMRAM 000001
LCD_Write_Data@RS          cstackCOMRAM 000003
_ANSELB                    (abs)        000F39
_ConfigMCU                 text9        0009AA
_DisplayLCD_Chr            text5        0008CC
_DisplayLCD_Chr_Cp         text6        000992
_DisplayLCD_Cmd            text4        000984
_DisplayLCD_Init           text3        00075C
_DisplayLCD_Out            text1        000864
_DisplayLCD_Out_Cp         text2        00092C
_LATBbits                  (abs)        000F8A
_LATDbits                  (abs)        000F8C
_LATEbits                  (abs)        000F8D
_LCD_Enable                text8        000966
_LCD_Write_Data            text7        000620
_TRISBbits                 (abs)        000F93
_TRISDbits                 (abs)        000F95
_TRISEbits                 (abs)        000F96
__HRAM                     (abs)        000000
__Habs1                    abs1         000000
__Hbank0                   bank0        000000
__Hbank1                   bank1        000000
__Hbank2                   bank2        000000
__Hbank3                   bank3        000000
__Hbank4                   bank4        000000
__Hbank5                   bank5        000000
__Hbigbss                  bigbss       000000
__Hbigdata                 bigdata      000000
__Hbigram                  bigram       000000
__Hbigsfr                  bigsfr       000000
__Hbss                     bss          000000
__Hcinit                   cinit        000000
__Hclrtext                 clrtext      000000
__Hcomram                  comram       000000
__Hconfig                  config       30000E
__Hconst                   const        000000
__HcstackCOMRAM            cstackCOMRAM 000000
__Hdata                    data         000000
__Heeprom_data             eeprom_data  000000
__Hfarbss                  farbss       000000
__Hfardata                 fardata      000000
__Hheap                    heap         000000
__Hibigdata                ibigdata     000000
__Hidata                   idata        000000
__Hidloc                   idloc        200008
__Hifardata                ifardata     000000
__Hinit                    init         000004
__Hintcode                 intcode      000000
__Hintcode_body            intcode_body 000000
__Hintcodelo               intcodelo    000000
__Hintentry                intentry     000000
__Hintret                  intret       000000
__Hintsave_regs            intsave_regs 000000
__Hirdata                  irdata       000000
__Hmediumconst             mediumconst  000000
__HnvFARRAM                nvFARRAM     000000
__Hnvbit                   nvbit        000000
__Hnvrram                  nvrram       000000
__Hparam                   rparam       000000
__Hpowerup                 powerup      000000
__Hram                     ram          000000
__Hramtop                  ramtop       000600
__Hrbit                    rbit         000000
__Hrbss                    rbss         000000
__Hrdata                   rdata        000000
__Hreset_vec               reset_vec    000000
__Hrparam                  rparam       000000
__Hsfr                     sfr          000000
__Hsmallconst              smallconst   000620
__Hspace_0                 (abs)        0009B2
__Hspace_1                 (abs)        00000E
__Hspace_2                 (abs)        000000
__Hspace_4                 (abs)        60000E
__Hstack                   stack        000000
__Hstruct                  struct       000000
__Htemp                    temp         000000
__Htext                    text         000000
__Htext0                   text0        000000
__Htext1                   text1        000000
__Htext2                   text2        000000
__Htext3                   text3        000000
__Htext4                   text4        000000
__Htext5                   text5        000000
__Htext6                   text6        000000
__Htext7                   text7        000000
__Htext8                   text8        000000
__Htext9                   text9        000000
__LRAM                     (abs)        000001
__Labs1                    abs1         000000
__Lbank0                   bank0        000000
__Lbank1                   bank1        000000
__Lbank2                   bank2        000000
__Lbank3                   bank3        000000
__Lbank4                   bank4        000000
__Lbank5                   bank5        000000
__Lbigbss                  bigbss       000000
__Lbigdata                 bigdata      000000
__Lbigram                  bigram       000000
__Lbigsfr                  bigsfr       000000
__Lbss                     bss          000000
__Lcinit                   cinit        000000
__Lclrtext                 clrtext      000000
__Lcomram                  comram       000000
__Lconfig                  config       000000
__Lconst                   const        000000
__LcstackCOMRAM            cstackCOMRAM 000000
__Ldata                    data         000000
__Leeprom_data             eeprom_data  000000
__Lfarbss                  farbss       000000
__Lfardata                 fardata      000000
__Lheap                    heap         000000
__Libigdata                ibigdata     000000
__Lidata                   idata        000000
__Lidloc                   idloc        000000
__Lifardata                ifardata     000000
__Linit                    init         000000
__Lintcode                 intcode      000000
__Lintcode_body            intcode_body 000000
__Lintcodelo               intcodelo    000000
__Lintentry                intentry     000000
__Lintret                  intret       000000
__Lintsave_regs            intsave_regs 000000
__Lirdata                  irdata       000000
__Lmediumconst             mediumconst  000000
__LnvFARRAM                nvFARRAM     000000
__Lnvbit                   nvbit        000000
__Lnvrram                  nvrram       000000
__Lparam                   rparam       000000
__Lpowerup                 powerup      000000
__Lram                     ram          000000
__Lramtop                  ramtop       000600
__Lrbit                    rbit         000000
__Lrbss                    rbss         000000
__Lrdata                   rdata        000000
__Lreset_vec               reset_vec    000000
__Lrparam                  rparam       000000
__Lsfr                     sfr          000000
__Lsmallconst              smallconst   000600
__Lspace_0                 (abs)        000000
__Lspace_1                 (abs)        000000
__Lspace_2                 (abs)        000000
__Lspace_4                 (abs)        000000
__Lstack                   stack        000000
__Lstruct                  struct       000000
__Ltemp                    temp         000000
__Ltext                    text         000000
__Ltext0                   text0        000000
__Ltext1                   text1        000000
__Ltext2                   text2        000000
__Ltext3                   text3        000000
__Ltext4                   text4        000000
__Ltext5                   text5        000000
__Ltext6                   text6        000000
__Ltext7                   text7        000000
__Ltext8                   text8        000000
__Ltext9                   text9        000000
__S0                       (abs)        0009B2
__S1                       (abs)        00000E
__S4                       (abs)        000000
__S5                       (abs)        000000
___heap_hi                 (abs)        000000
___heap_lo                 (abs)        000000
___inthi_sp                stack        000000
___intlo_sp                stack        000000
___param_bank              (abs)        000000
___rparam_used             (abs)        000001
___sp                      stack        000000
__accesstop                (abs)        000060
__activetblptr             (abs)        000002
__end_of_ConfigMCU         text9        0009B2
__end_of_DisplayLCD_Chr    text5        00092C
__end_of_DisplayLCD_Chr_Cp text6        0009A0
__end_of_DisplayLCD_Cmd    text4        000992
__end_of_DisplayLCD_Init   text3        0007E2
__end_of_DisplayLCD_Out    text1        0008CC
__end_of_DisplayLCD_Out_Cp text2        000966
__end_of_LCD_Enable        text8        000984
__end_of_LCD_Write_Data    text7        00075C
__end_of__initialization   cinit        0009A0
__end_of_main              text0        000864
__initialization           cinit        0009A0
__mediumconst              mediumconst  000000
__pcinit                   cinit        0009A0
__pcstackCOMRAM            cstackCOMRAM 000001
__psmallconst              smallconst   000600
__ptext0                   text0        0007E2
__ptext1                   text1        000864
__ptext2                   text2        00092C
__ptext3                   text3        00075C
__ptext4                   text4        000984
__ptext5                   text5        0008CC
__ptext6                   text6        000992
__ptext7                   text7        000620
__ptext8                   text8        000966
__ptext9                   text9        0009AA
__ramtop                   ramtop       000600
__smallconst               smallconst   000600
_main                      text0        0007E2
end_of_initialization      cinit        0009A0
intlevel0                  text         000000
intlevel1                  text         000000
intlevel2                  text         000000
intlevel3                  text         000000
isa$std                    (abs)        000001
isa$xinst                  (abs)        000000
stackhi                    (abs)        000000
stacklo                    (abs)        000000
start                      init         000000
start_initialization       cinit        0009A0


MODULE INFORMATION

Module		Function		Class		Link	Load	Size
shared
		__initialization		CODE           	09A0	0000	1

shared estimated size: 1

main.c
		_DisplayLCD_Cmd		CODE           	0984	0000	14
		_DisplayLCD_Chr		CODE           	08CC	0000	96
		_LCD_Write_Data		CODE           	0620	0000	316
		_DisplayLCD_Out		CODE           	0864	0000	104
		_ConfigMCU     		CODE           	09AA	0000	8
		_main          		CODE           	07E2	0000	130
		_DisplayLCD_Init		CODE           	075C	0000	134
		_LCD_Enable    		CODE           	0966	0000	30
		_DisplayLCD_Chr_Cp		CODE           	0992	0000	14
		_DisplayLCD_Out_Cp		CODE           	092C	0000	58

main.c estimated size: 904

